------------------------------------------------------------
TimeQuest Timing Analyzer Summary
------------------------------------------------------------

Type  : Slow 1100mV 85C Model Setup 'KEY[1]'
Slack : -1.619
TNS   : -20.419

Type  : Slow 1100mV 85C Model Hold 'KEY[1]'
Slack : 0.625
TNS   : 0.000

Type  : Slow 1100mV 85C Model Minimum Pulse Width 'KEY[1]'
Slack : -2.636
TNS   : -68.716

Type  : Slow 1100mV 85C Model Minimum Pulse Width 'KEY[0]'
Slack : 0.174
TNS   : 0.000

Type  : Slow 1100mV 0C Model Setup 'KEY[1]'
Slack : -1.577
TNS   : -19.108

Type  : Slow 1100mV 0C Model Hold 'KEY[1]'
Slack : 0.527
TNS   : 0.000

Type  : Slow 1100mV 0C Model Minimum Pulse Width 'KEY[1]'
Slack : -2.636
TNS   : -68.714

Type  : Slow 1100mV 0C Model Minimum Pulse Width 'KEY[0]'
Slack : 0.124
TNS   : 0.000

Type  : Fast 1100mV 85C Model Setup 'KEY[1]'
Slack : -0.347
TNS   : -4.349

Type  : Fast 1100mV 85C Model Hold 'KEY[1]'
Slack : 0.378
TNS   : 0.000

Type  : Fast 1100mV 85C Model Minimum Pulse Width 'KEY[1]'
Slack : -2.174
TNS   : -55.441

Type  : Fast 1100mV 85C Model Minimum Pulse Width 'KEY[0]'
Slack : 0.317
TNS   : 0.000

Type  : Fast 1100mV 0C Model Setup 'KEY[1]'
Slack : -0.274
TNS   : -3.245

Type  : Fast 1100mV 0C Model Hold 'KEY[1]'
Slack : 0.316
TNS   : 0.000

Type  : Fast 1100mV 0C Model Minimum Pulse Width 'KEY[1]'
Slack : -2.174
TNS   : -55.419

Type  : Fast 1100mV 0C Model Minimum Pulse Width 'KEY[0]'
Slack : 0.340
TNS   : 0.000

------------------------------------------------------------
