------------------------------------------------------------
TimeQuest Timing Analyzer Summary
------------------------------------------------------------

Type  : Slow 1100mV 85C Model Setup 'opcode[0]'
Slack : -5.768
TNS   : -51.439

Type  : Slow 1100mV 85C Model Setup 'ac[0]'
Slack : -3.915
TNS   : -3.915

Type  : Slow 1100mV 85C Model Hold 'opcode[0]'
Slack : 0.562
TNS   : 0.000

Type  : Slow 1100mV 85C Model Hold 'ac[0]'
Slack : 1.677
TNS   : 0.000

Type  : Slow 1100mV 85C Model Minimum Pulse Width 'opcode[0]'
Slack : 0.092
TNS   : 0.000

Type  : Slow 1100mV 85C Model Minimum Pulse Width 'ac[0]'
Slack : 0.337
TNS   : 0.000

Type  : Slow 1100mV 0C Model Setup 'opcode[0]'
Slack : -5.922
TNS   : -51.725

Type  : Slow 1100mV 0C Model Setup 'ac[0]'
Slack : -3.870
TNS   : -3.870

Type  : Slow 1100mV 0C Model Hold 'opcode[0]'
Slack : 0.402
TNS   : 0.000

Type  : Slow 1100mV 0C Model Hold 'ac[0]'
Slack : 1.563
TNS   : 0.000

Type  : Slow 1100mV 0C Model Minimum Pulse Width 'opcode[0]'
Slack : 0.137
TNS   : 0.000

Type  : Slow 1100mV 0C Model Minimum Pulse Width 'ac[0]'
Slack : 0.315
TNS   : 0.000

Type  : Fast 1100mV 85C Model Setup 'opcode[0]'
Slack : -3.433
TNS   : -28.781

Type  : Fast 1100mV 85C Model Setup 'ac[0]'
Slack : -2.232
TNS   : -2.232

Type  : Fast 1100mV 85C Model Hold 'opcode[0]'
Slack : 0.310
TNS   : 0.000

Type  : Fast 1100mV 85C Model Hold 'ac[0]'
Slack : 0.958
TNS   : 0.000

Type  : Fast 1100mV 85C Model Minimum Pulse Width 'opcode[0]'
Slack : -0.214
TNS   : -3.287

Type  : Fast 1100mV 85C Model Minimum Pulse Width 'ac[0]'
Slack : 0.004
TNS   : 0.000

Type  : Fast 1100mV 0C Model Setup 'opcode[0]'
Slack : -3.089
TNS   : -25.747

Type  : Fast 1100mV 0C Model Setup 'ac[0]'
Slack : -1.983
TNS   : -1.983

Type  : Fast 1100mV 0C Model Hold 'opcode[0]'
Slack : 0.278
TNS   : 0.000

Type  : Fast 1100mV 0C Model Hold 'ac[0]'
Slack : 0.763
TNS   : 0.000

Type  : Fast 1100mV 0C Model Minimum Pulse Width 'opcode[0]'
Slack : -0.168
TNS   : -2.535

Type  : Fast 1100mV 0C Model Minimum Pulse Width 'ac[0]'
Slack : 0.006
TNS   : 0.000

------------------------------------------------------------
